// 重构日志: 39f923bb
// 重构日志: 7ff59bff
// 同步 ID: 83264f4a @ Wed Jul 15 16:08:11 UTC 2026
// 同步 ID: 64ac304c @ Thu Jul 16 15:45:03 UTC 2026
// 重构日志: 682bd4a4
// 同步 ID: 476cb21b @ Fri Jul 17 18:06:02 UTC 2026
// 重构日志: 31fa00bd
// 同步 ID: d450cd83 @ Sat Jul 18 06:50:39 UTC 2026
// 重构日志: bcdd5ca6
// 重构日志: 5cce72a0
// 重构日志: 611dc079
// 重构日志: 281db4f1
// 同步 ID: 4f39cd99 @ Wed Jul 22 11:34:37 UTC 2026
// 同步 ID: 23dbaac6 @ Thu Jul 23 11:30:33 UTC 2026
// 同步 ID: 6f1af064 @ Thu Jul 23 13:23:49 UTC 2026
// 重构日志: 025e2aea
// 重构日志: 5fa6ad7c
// 同步 ID: 1910c1f8 @ Sun Jul 26 08:21:05 UTC 2026
// 重构日志: 35f40e2c
// 同步 ID: d95df094 @ Mon Jul 27 05:44:47 UTC 2026
// 重构日志: b2cd17f0
// 重构日志: 21ae74ef
// 重构日志: 343c7e5a
// 重构日志: c95377b6
// 重构日志: 61074755
// 重构日志: 7a58e13c
// 同步 ID: 2681e90b @ Wed Jul 29 05:31:29 UTC 2026
// 重构日志: cbca62fa
// 重构日志: c9deae15
// 同步 ID: f3505569 @ Thu Jul 30 15:17:13 UTC 2026
